splits: train=2947  val=200  test=300
/home/trabbani/WAVES/venv/lib/python3.10/site-packages/torchvision/models/_utils.py:208: UserWarning: The parameter 'pretrained' is deprecated since 0.13 and may be removed in the future, please use 'weights' instead.
  warnings.warn(
/home/trabbani/WAVES/venv/lib/python3.10/site-packages/torchvision/models/_utils.py:223: UserWarning: Arguments other than a weight enum or `None` for 'weights' are deprecated since 0.13 and may be removed in the future. The current behavior is equivalent to passing `weights=VGG16_Weights.IMAGENET1K_V1`. You can also use `weights=VGG16_Weights.DEFAULT` to get the most up-to-date weights.
  warnings.warn(msg)
G FlatPerturbator: 0.60M params, ngf=128, epsilon=0.0627 (~16.0/255)
C_train loaded from /home/trabbani/WAVES/gan/runs/c_train/best.pt (val_acc=0.9075)  FROZEN

=== AdvGAN training (G vs frozen C_train) ===
epoch  0 step     0  adv=5.7092 lpips=0.0296 flip(train)=0.000  (7s)
/home/trabbani/WAVES/venv/lib/python3.10/site-packages/PIL/TiffImagePlugin.py:949: UserWarning: Truncated File Read
  warnings.warn(str(msg))
epoch  0 step    20  adv=0.0366 lpips=0.0494 flip(train)=1.000  (14s)
epoch  0 step    40  adv=0.0061 lpips=0.0398 flip(train)=1.000  (25s)
epoch  0 step    60  adv=0.2411 lpips=0.0317 flip(train)=0.938  (33s)
epoch  0 step    80  adv=0.0638 lpips=0.0315 flip(train)=0.938  (44s)
epoch  0 step   100  adv=0.0000 lpips=0.0291 flip(train)=1.000  (51s)
epoch  0 step   120  adv=0.0019 lpips=0.0322 flip(train)=1.000  (62s)
epoch  0 step   140  adv=0.0008 lpips=0.0550 flip(train)=1.000  (69s)
epoch  0 step   160  adv=0.0004 lpips=0.0252 flip(train)=1.000  (82s)
epoch  0 step   180  adv=0.0000 lpips=0.0344 flip(train)=1.000  (90s)
--- epoch  0 done   val_lpips=0.0246  val_linf=0.0627  val_flip_C_train=1.0000  (95s)
/home/trabbani/WAVES/venv/lib/python3.10/site-packages/PIL/TiffImagePlugin.py:949: UserWarning: Truncated File Read
  warnings.warn(str(msg))
epoch  1 step   200  adv=0.0105 lpips=0.0201 flip(train)=1.000  (108s)
epoch  1 step   220  adv=0.0000 lpips=0.0236 flip(train)=1.000  (121s)
epoch  1 step   240  adv=0.0042 lpips=0.0298 flip(train)=1.000  (129s)
epoch  1 step   260  adv=0.0003 lpips=0.0238 flip(train)=1.000  (138s)
epoch  1 step   280  adv=0.0000 lpips=0.0225 flip(train)=1.000  (147s)
epoch  1 step   300  adv=0.0000 lpips=0.0166 flip(train)=1.000  (157s)
epoch  1 step   320  adv=0.0002 lpips=0.0140 flip(train)=1.000  (166s)
epoch  1 step   340  adv=0.0027 lpips=0.0339 flip(train)=1.000  (179s)
epoch  1 step   360  adv=0.0000 lpips=0.0220 flip(train)=1.000  (186s)
--- epoch  1 done   val_lpips=0.0186  val_linf=0.0627  val_flip_C_train=1.0000  (192s)
epoch  2 step   380  adv=0.0004 lpips=0.0195 flip(train)=1.000  (205s)
epoch  2 step   400  adv=0.0015 lpips=0.0147 flip(train)=1.000  (214s)
/home/trabbani/WAVES/venv/lib/python3.10/site-packages/PIL/TiffImagePlugin.py:949: UserWarning: Truncated File Read
  warnings.warn(str(msg))
epoch  2 step   420  adv=0.0070 lpips=0.0165 flip(train)=1.000  (226s)
epoch  2 step   440  adv=0.0000 lpips=0.0236 flip(train)=1.000  (234s)
epoch  2 step   460  adv=0.0283 lpips=0.0128 flip(train)=1.000  (242s)
epoch  2 step   480  adv=0.0001 lpips=0.0292 flip(train)=1.000  (253s)
epoch  2 step   500  adv=0.0002 lpips=0.0249 flip(train)=1.000  (261s)
epoch  2 step   520  adv=0.0008 lpips=0.0157 flip(train)=1.000  (274s)
epoch  2 step   540  adv=0.0000 lpips=0.0131 flip(train)=1.000  (282s)
--- epoch  2 done   val_lpips=0.0214  val_linf=0.0627  val_flip_C_train=1.0000  (290s)
epoch  3 step   560  adv=0.0057 lpips=0.0210 flip(train)=1.000  (301s)
/home/trabbani/WAVES/venv/lib/python3.10/site-packages/PIL/TiffImagePlugin.py:949: UserWarning: Truncated File Read
  warnings.warn(str(msg))
epoch  3 step   580  adv=0.0852 lpips=0.0171 flip(train)=0.938  (310s)
epoch  3 step   600  adv=0.0003 lpips=0.0201 flip(train)=1.000  (320s)
epoch  3 step   620  adv=0.0000 lpips=0.0179 flip(train)=1.000  (327s)
epoch  3 step   640  adv=0.0003 lpips=0.0143 flip(train)=1.000  (338s)
epoch  3 step   660  adv=0.0000 lpips=0.0160 flip(train)=1.000  (348s)
epoch  3 step   680  adv=0.0015 lpips=0.0264 flip(train)=1.000  (358s)
epoch  3 step   700  adv=0.0001 lpips=0.0267 flip(train)=1.000  (368s)
epoch  3 step   720  adv=0.0000 lpips=0.0194 flip(train)=1.000  (377s)
--- epoch  3 done   val_lpips=0.0132  val_linf=0.0627  val_flip_C_train=1.0000  (387s)
epoch  4 step   740  adv=0.0003 lpips=0.0170 flip(train)=1.000  (396s)
epoch  4 step   760  adv=0.0056 lpips=0.0165 flip(train)=1.000  (405s)
/home/trabbani/WAVES/venv/lib/python3.10/site-packages/PIL/TiffImagePlugin.py:949: UserWarning: Truncated File Read
  warnings.warn(str(msg))
epoch  4 step   780  adv=0.0000 lpips=0.0155 flip(train)=1.000  (416s)
epoch  4 step   800  adv=0.0121 lpips=0.0203 flip(train)=1.000  (425s)
epoch  4 step   820  adv=0.0000 lpips=0.0268 flip(train)=1.000  (434s)
epoch  4 step   840  adv=0.0001 lpips=0.0168 flip(train)=1.000  (443s)
epoch  4 step   860  adv=0.0006 lpips=0.0110 flip(train)=1.000  (454s)
epoch  4 step   880  adv=0.0001 lpips=0.0305 flip(train)=1.000  (462s)
epoch  4 step   900  adv=0.0308 lpips=0.0111 flip(train)=1.000  (473s)
--- epoch  4 done   val_lpips=0.0132  val_linf=0.0627  val_flip_C_train=1.0000  (482s)
epoch  5 step   920  adv=0.0116 lpips=0.0128 flip(train)=1.000  (488s)
epoch  5 step   940  adv=0.0001 lpips=0.0097 flip(train)=1.000  (498s)
epoch  5 step   960  adv=0.0000 lpips=0.0116 flip(train)=1.000  (510s)
epoch  5 step   980  adv=0.0001 lpips=0.0102 flip(train)=1.000  (518s)
epoch  5 step  1000  adv=0.0002 lpips=0.0117 flip(train)=1.000  (528s)
/home/trabbani/WAVES/venv/lib/python3.10/site-packages/PIL/TiffImagePlugin.py:949: UserWarning: Truncated File Read
  warnings.warn(str(msg))
epoch  5 step  1020  adv=0.0013 lpips=0.0119 flip(train)=1.000  (536s)
epoch  5 step  1040  adv=0.0039 lpips=0.0138 flip(train)=1.000  (546s)
epoch  5 step  1060  adv=0.0117 lpips=0.0095 flip(train)=1.000  (556s)
epoch  5 step  1080  adv=0.0000 lpips=0.0197 flip(train)=1.000  (564s)
epoch  5 step  1100  adv=0.0004 lpips=0.0108 flip(train)=1.000  (575s)
--- epoch  5 done   val_lpips=0.0113  val_linf=0.0627  val_flip_C_train=1.0000  (578s)
epoch  6 step  1120  adv=0.0012 lpips=0.0118 flip(train)=1.000  (594s)
epoch  6 step  1140  adv=0.0004 lpips=0.0109 flip(train)=1.000  (603s)
epoch  6 step  1160  adv=0.0006 lpips=0.0132 flip(train)=1.000  (611s)
epoch  6 step  1180  adv=0.0002 lpips=0.0100 flip(train)=1.000  (620s)
epoch  6 step  1200  adv=0.0001 lpips=0.0131 flip(train)=1.000  (632s)
epoch  6 step  1220  adv=0.0000 lpips=0.0139 flip(train)=1.000  (639s)
epoch  6 step  1240  adv=0.0000 lpips=0.0133 flip(train)=1.000  (648s)
epoch  6 step  1260  adv=0.0000 lpips=0.0177 flip(train)=1.000  (659s)
/home/trabbani/WAVES/venv/lib/python3.10/site-packages/PIL/TiffImagePlugin.py:949: UserWarning: Truncated File Read
  warnings.warn(str(msg))
epoch  6 step  1280  adv=0.0000 lpips=0.0170 flip(train)=1.000  (668s)
--- epoch  6 done   val_lpips=0.0095  val_linf=0.0627  val_flip_C_train=1.0000  (673s)
/home/trabbani/WAVES/venv/lib/python3.10/site-packages/PIL/TiffImagePlugin.py:949: UserWarning: Truncated File Read
  warnings.warn(str(msg))
epoch  7 step  1300  adv=0.0015 lpips=0.0101 flip(train)=1.000  (686s)
epoch  7 step  1320  adv=0.0010 lpips=0.0397 flip(train)=1.000  (696s)
epoch  7 step  1340  adv=0.0035 lpips=0.0182 flip(train)=1.000  (706s)
epoch  7 step  1360  adv=0.0000 lpips=0.0159 flip(train)=1.000  (714s)
epoch  7 step  1380  adv=0.0006 lpips=0.0156 flip(train)=1.000  (723s)
epoch  7 step  1400  adv=0.0000 lpips=0.0315 flip(train)=1.000  (732s)
epoch  7 step  1420  adv=0.0008 lpips=0.0146 flip(train)=1.000  (743s)
epoch  7 step  1440  adv=0.0007 lpips=0.0184 flip(train)=1.000  (751s)
epoch  7 step  1460  adv=0.0845 lpips=0.0161 flip(train)=0.938  (761s)
--- epoch  7 done   val_lpips=0.0106  val_linf=0.0627  val_flip_C_train=1.0000  (769s)
epoch  8 step  1480  adv=0.0009 lpips=0.0122 flip(train)=1.000  (782s)
epoch  8 step  1500  adv=0.0027 lpips=0.0096 flip(train)=1.000  (790s)
/home/trabbani/WAVES/venv/lib/python3.10/site-packages/PIL/TiffImagePlugin.py:949: UserWarning: Truncated File Read
  warnings.warn(str(msg))
epoch  8 step  1520  adv=0.0001 lpips=0.0138 flip(train)=1.000  (800s)
epoch  8 step  1540  adv=0.0000 lpips=0.0091 flip(train)=1.000  (810s)
epoch  8 step  1560  adv=0.0000 lpips=0.0140 flip(train)=1.000  (818s)
epoch  8 step  1580  adv=0.0000 lpips=0.0111 flip(train)=1.000  (828s)
epoch  8 step  1600  adv=0.0003 lpips=0.0148 flip(train)=1.000  (837s)
epoch  8 step  1620  adv=0.0238 lpips=0.0088 flip(train)=1.000  (847s)
epoch  8 step  1640  adv=0.0015 lpips=0.0130 flip(train)=1.000  (857s)
--- epoch  8 done   val_lpips=0.0122  val_linf=0.0627  val_flip_C_train=1.0000  (867s)
epoch  9 step  1660  adv=0.0001 lpips=0.0161 flip(train)=1.000  (876s)
/home/trabbani/WAVES/venv/lib/python3.10/site-packages/PIL/TiffImagePlugin.py:949: UserWarning: Truncated File Read
  warnings.warn(str(msg))
epoch  9 step  1680  adv=0.0006 lpips=0.0099 flip(train)=1.000  (886s)
epoch  9 step  1700  adv=0.0000 lpips=0.0098 flip(train)=1.000  (896s)
epoch  9 step  1720  adv=0.0077 lpips=0.0118 flip(train)=1.000  (905s)
epoch  9 step  1740  adv=0.0002 lpips=0.0093 flip(train)=1.000  (914s)
epoch  9 step  1760  adv=0.0000 lpips=0.0146 flip(train)=1.000  (925s)
epoch  9 step  1780  adv=0.0000 lpips=0.0123 flip(train)=1.000  (934s)
epoch  9 step  1800  adv=0.0049 lpips=0.0101 flip(train)=1.000  (942s)
epoch  9 step  1820  adv=0.0022 lpips=0.0074 flip(train)=1.000  (955s)
--- epoch  9 done   val_lpips=0.0107  val_linf=0.0627  val_flip_C_train=1.0000  (965s)
epoch 10 step  1840  adv=0.0039 lpips=0.0100 flip(train)=1.000  (970s)
epoch 10 step  1860  adv=0.0002 lpips=0.0089 flip(train)=1.000  (982s)
epoch 10 step  1880  adv=0.0000 lpips=0.0104 flip(train)=1.000  (989s)
epoch 10 step  1900  adv=0.0000 lpips=0.0171 flip(train)=1.000  (1001s)
epoch 10 step  1920  adv=0.0022 lpips=0.0089 flip(train)=1.000  (1009s)
/home/trabbani/WAVES/venv/lib/python3.10/site-packages/PIL/TiffImagePlugin.py:949: UserWarning: Truncated File Read
  warnings.warn(str(msg))
epoch 10 step  1940  adv=0.0000 lpips=0.0110 flip(train)=1.000  (1021s)
epoch 10 step  1960  adv=0.0001 lpips=0.0114 flip(train)=1.000  (1029s)
